// Jest Snapshot v1, https://goo.gl/fbAQLP

exports[`Main component total check Check should render main component 1`] = `
Array [
  <section
    className="movie-card"
  >
    <div
      className="movie-card__bg"
    >
      <img
        alt="The Grand Budapest Hotel"
        src="img/bg-the-grand-budapest-hotel.jpg"
      />
    </div>
    <h1
      className="visually-hidden"
    >
      WTW
    </h1>
    <header
      className="page-header movie-card__head"
    >
      <div
        className="logo"
      >
        <a
          className="logo__link"
        >
          <span
            className="logo__letter logo__letter--1"
          >
            W
          </span>
          <span
            className="logo__letter logo__letter--2"
          >
            T
          </span>
          <span
            className="logo__letter logo__letter--3"
          >
            W
          </span>
        </a>
      </div>
      <div
        className="user-block"
      >
        <div
          className="user-block__avatar"
        >
          <img
            alt="User avatar"
            height="63"
            src="img/avatar.jpg"
            width="63"
          />
        </div>
      </div>
    </header>
    <div
      className="movie-card__wrap"
    >
      <div
        className="movie-card__info"
      >
        <div
          className="movie-card__poster"
        >
          <img
            alt="The Grand Budapest Hotel poster"
            height="327"
            src="img/the-grand-budapest-hotel-poster.jpg"
            width="218"
          />
        </div>
        <div
          className="movie-card__desc"
        >
          <h2
            className="movie-card__title"
          >
            Joker
          </h2>
          <p
            className="movie-card__meta"
          >
            <span
              className="movie-card__genre"
            >
              Crime
            </span>
            <span
              className="movie-card__year"
            >
              2019
            </span>
          </p>
          <div
            className="movie-card__buttons"
          >
            <button
              className="btn btn--play movie-card__button"
              type="button"
            >
              <svg
                height="19"
                viewBox="0 0 19 19"
                width="19"
              >
                <use
                  xlinkHref="#play-s"
                />
              </svg>
              <span>
                Play
              </span>
            </button>
            <button
              className="btn btn--list movie-card__button"
              type="button"
            >
              <svg
                height="20"
                viewBox="0 0 19 20"
                width="19"
              >
                <use
                  xlinkHref="#add"
                />
              </svg>
              <span>
                My list
              </span>
            </button>
          </div>
        </div>
      </div>
    </div>
  </section>,
  <div
    className="page-content"
  >
    <section
      className="catalog"
    >
      <h2
        className="catalog__title visually-hidden"
      >
        Catalog
      </h2>
      <ul
        className="catalog__genres-list"
      >
        <li
          className="catalog__genres-item catalog__genres-item--active"
        >
          <a
            className="catalog__genres-link"
            href="#"
          >
            All genres
          </a>
        </li>
        <li
          className="catalog__genres-item"
        >
          <a
            className="catalog__genres-link"
            href="#"
          >
            Comedies
          </a>
        </li>
        <li
          className="catalog__genres-item"
        >
          <a
            className="catalog__genres-link"
            href="#"
          >
            Crime
          </a>
        </li>
        <li
          className="catalog__genres-item"
        >
          <a
            className="catalog__genres-link"
            href="#"
          >
            Documentary
          </a>
        </li>
        <li
          className="catalog__genres-item"
        >
          <a
            className="catalog__genres-link"
            href="#"
          >
            Dramas
          </a>
        </li>
        <li
          className="catalog__genres-item"
        >
          <a
            className="catalog__genres-link"
            href="#"
          >
            Horror
          </a>
        </li>
        <li
          className="catalog__genres-item"
        >
          <a
            className="catalog__genres-link"
            href="#"
          >
            Kids & Family
          </a>
        </li>
        <li
          className="catalog__genres-item"
        >
          <a
            className="catalog__genres-link"
            href="#"
          >
            Romance
          </a>
        </li>
        <li
          className="catalog__genres-item"
        >
          <a
            className="catalog__genres-link"
            href="#"
          >
            Sci-Fi
          </a>
        </li>
        <li
          className="catalog__genres-item"
        >
          <a
            className="catalog__genres-link"
            href="#"
          >
            Thrillers
          </a>
        </li>
      </ul>
      <div
        className="catalog__movies-list"
      >
        <article
          className="small-movie-card catalog__movies-card"
          onMouseEnter={[Function]}
          onMouseLeave={[Function]}
          onMouseOver={[Function]}
        >
          <div
            className="small-movie-card__image"
          >
            <video
              controls={true}
              height="175"
              muted={true}
              poster="https://m.media-amazon.com/images/M/MV5BNWIwODRlZTUtY2U3ZS00Yzg1LWJhNzYtMmZiYmEyNmU1NjMzXkEyXkFqcGdeQXVyMTQxNzMzNDI@._V1_.jpg"
              src="https://download.blender.org/durian/trailer/sintel_trailer-480p.mp4"
              width="280"
            />
          </div>
          <h3
            className="small-movie-card__title"
            onClick={[Function]}
          >
            <a
              className="small-movie-card__link"
              href="movie-page.html"
            >
              Форрест Гамп
            </a>
          </h3>
        </article>
        <article
          className="small-movie-card catalog__movies-card"
          onMouseEnter={[Function]}
          onMouseLeave={[Function]}
          onMouseOver={[Function]}
        >
          <div
            className="small-movie-card__image"
          >
            <video
              controls={true}
              height="175"
              muted={true}
              poster="https://m.media-amazon.com/images/M/MV5BMjAxMzY3NjcxNF5BMl5BanBnXkFtZTcwNTI5OTM0Mw@@._V1_SY1000_CR0,0,675,1000_AL_.jpg"
              src="https://download.blender.org/durian/trailer/sintel_trailer-480p.mp4"
              width="280"
            />
          </div>
          <h3
            className="small-movie-card__title"
            onClick={[Function]}
          >
            <a
              className="small-movie-card__link"
              href="movie-page.html"
            >
              Начало
            </a>
          </h3>
        </article>
        <article
          className="small-movie-card catalog__movies-card"
          onMouseEnter={[Function]}
          onMouseLeave={[Function]}
          onMouseOver={[Function]}
        >
          <div
            className="small-movie-card__image"
          >
            <video
              controls={true}
              height="175"
              muted={true}
              poster="https://m.media-amazon.com/images/M/MV5BYmU1NDRjNDgtMzhiMi00NjZmLTg5NGItZDNiZjU5NTU4OTE0XkEyXkFqcGdeQXVyNzkwMjQ5NzM@._V1_SY1000_CR0,0,641,1000_AL_.jpg"
              src="https://download.blender.org/durian/trailer/sintel_trailer-480p.mp4"
              width="280"
            />
          </div>
          <h3
            className="small-movie-card__title"
            onClick={[Function]}
          >
            <a
              className="small-movie-card__link"
              href="movie-page.html"
            >
              Звёздные войны. Эпизод 5: Империя наносит ответный удар
            </a>
          </h3>
        </article>
        <article
          className="small-movie-card catalog__movies-card"
          onMouseEnter={[Function]}
          onMouseLeave={[Function]}
          onMouseOver={[Function]}
        >
          <div
            className="small-movie-card__image"
          >
            <video
              controls={true}
              height="175"
              muted={true}
              poster="https://m.media-amazon.com/images/M/MV5BNGE5MzIyNTAtNWFlMC00NDA2LWJiMjItMjc4Yjg1OWM5NzhhXkEyXkFqcGdeQXVyNzkwMjQ5NzM@._V1_SY1000_CR0,0,684,1000_AL_.jpg"
              src="https://download.blender.org/durian/trailer/sintel_trailer-480p.mp4"
              width="280"
            />
          </div>
          <h3
            className="small-movie-card__title"
            onClick={[Function]}
          >
            <a
              className="small-movie-card__link"
              href="movie-page.html"
            >
              Властелин колец: Две крепости
            </a>
          </h3>
        </article>
      </div>
      <div
        className="catalog__more"
      >
        <button
          className="catalog__button"
          type="button"
        >
          Show more
        </button>
      </div>
    </section>
    <footer
      className="page-footer"
    >
      <div
        className="logo"
      >
        <a
          className="logo__link logo__link--light"
        >
          <span
            className="logo__letter logo__letter--1"
          >
            W
          </span>
          <span
            className="logo__letter logo__letter--2"
          >
            T
          </span>
          <span
            className="logo__letter logo__letter--3"
          >
            W
          </span>
        </a>
      </div>
      <div
        className="copyright"
      >
        <p>
          © 2019 What to watch Ltd.
        </p>
      </div>
    </footer>
  </div>,
]
`;
